{"label":"old","shape":"neutral","outfit":"bare","passed":true}
{"label":"old","shape":"neutral","outfit":"lector","passed":true}
{"label":"old","shape":"neutral","outfit":"duskguard","passed":true}
{"label":"old","shape":"neutral","outfit":"wayfarer","passed":true}
{"label":"old","shape":"neutral","outfit":"pilgrim","passed":true}
{"label":"old","shape":"neutral","outfit":"graveweaver","passed":true}
{"label":"old","shape":"neutral","outfit":"warden","passed":true}
{"label":"old","shape":"neutral","outfit":"revenant","passed":true}
{"label":"old","shape":"neutral","outfit":"mixed-hood","passed":true}
{"label":"old","shape":"neutral","outfit":"mixed-open","passed":true}
{"label":"old","shape":"short-stout","outfit":"bare","passed":true}
{"label":"old","shape":"short-stout","outfit":"lector","passed":true}
{"label":"old","shape":"short-stout","outfit":"duskguard","passed":true}
{"label":"old","shape":"short-stout","outfit":"wayfarer","passed":true}
{"label":"old","shape":"short-stout","outfit":"pilgrim","passed":true}
{"label":"old","shape":"short-stout","outfit":"graveweaver","passed":true}
{"label":"old","shape":"short-stout","outfit":"warden","passed":true}
{"label":"old","shape":"short-stout","outfit":"revenant","passed":true}
{"label":"old","shape":"short-stout","outfit":"mixed-hood","passed":true}
{"label":"old","shape":"short-stout","outfit":"mixed-open","passed":true}
{"label":"old","shape":"tall-slender","outfit":"bare","passed":true}
{"label":"old","shape":"tall-slender","outfit":"lector","passed":true}
{"label":"old","shape":"tall-slender","outfit":"duskguard","passed":true}
{"label":"old","shape":"tall-slender","outfit":"wayfarer","passed":true}
{"label":"old","shape":"tall-slender","outfit":"pilgrim","passed":true}
{"label":"old","shape":"tall-slender","outfit":"graveweaver","passed":true}
{"label":"old","shape":"tall-slender","outfit":"warden","passed":true}
{"label":"old","shape":"tall-slender","outfit":"revenant","passed":true}
{"label":"old","shape":"tall-slender","outfit":"mixed-hood","passed":true}
{"label":"old","shape":"tall-slender","outfit":"mixed-open","passed":true}
{"label":"old","shape":"short-slender","outfit":"bare","passed":true}
{"label":"old","shape":"short-slender","outfit":"lector","passed":true}
{"label":"old","shape":"short-slender","outfit":"duskguard","passed":true}
{"label":"old","shape":"short-slender","outfit":"wayfarer","passed":true}
{"label":"old","shape":"short-slender","outfit":"pilgrim","passed":true}
{"label":"old","shape":"short-slender","outfit":"graveweaver","passed":true}
{"label":"old","shape":"short-slender","outfit":"warden","passed":true}
{"label":"old","shape":"short-slender","outfit":"revenant","passed":true}
{"label":"old","shape":"short-slender","outfit":"mixed-hood","passed":true}
{"label":"old","shape":"short-slender","outfit":"mixed-open","passed":true}
{"label":"old","shape":"tall-stout","outfit":"bare","passed":true}
{"label":"old","shape":"tall-stout","outfit":"lector","passed":true}
{"label":"old","shape":"tall-stout","outfit":"duskguard","passed":true}
{"label":"old","shape":"tall-stout","outfit":"wayfarer","passed":true}
{"label":"old","shape":"tall-stout","outfit":"pilgrim","passed":true}
{"label":"old","shape":"tall-stout","outfit":"graveweaver","passed":true}
{"label":"old","shape":"tall-stout","outfit":"warden","passed":true}
{"label":"old","shape":"tall-stout","outfit":"revenant","passed":true}
{"label":"old","shape":"tall-stout","outfit":"mixed-hood","passed":true}
{"label":"old","shape":"tall-stout","outfit":"mixed-open","passed":true}
{"label":"young","shape":"neutral","outfit":"bare","passed":true}
{"label":"young","shape":"neutral","outfit":"lector","passed":true}
{"label":"young","shape":"neutral","outfit":"duskguard","passed":true}
{"label":"young","shape":"neutral","outfit":"wayfarer","passed":true}
{"label":"young","shape":"neutral","outfit":"pilgrim","passed":true}
{"label":"young","shape":"neutral","outfit":"graveweaver","passed":true}
{"label":"young","shape":"neutral","outfit":"warden","passed":true}
{"label":"young","shape":"neutral","outfit":"revenant","passed":true}
{"label":"young","shape":"neutral","outfit":"mixed-hood","passed":true}
{"label":"young","shape":"neutral","outfit":"mixed-open","passed":true}
{"label":"young","shape":"short-stout","outfit":"bare","passed":true}
{"label":"young","shape":"short-stout","outfit":"lector","passed":true}
{"label":"young","shape":"short-stout","outfit":"duskguard","passed":true}
{"label":"young","shape":"short-stout","outfit":"wayfarer","passed":true}
{"label":"young","shape":"short-stout","outfit":"pilgrim","passed":true}
{"label":"young","shape":"short-stout","outfit":"graveweaver","passed":true}
{"label":"young","shape":"short-stout","outfit":"warden","passed":true}
{"label":"young","shape":"short-stout","outfit":"revenant","passed":true}
{"label":"young","shape":"short-stout","outfit":"mixed-hood","passed":true}
{"label":"young","shape":"short-stout","outfit":"mixed-open","passed":true}
{"label":"young","shape":"tall-slender","outfit":"bare","passed":true}
{"label":"young","shape":"tall-slender","outfit":"lector","passed":true}
{"label":"young","shape":"tall-slender","outfit":"duskguard","passed":true}
{"label":"young","shape":"tall-slender","outfit":"wayfarer","passed":true}
{"label":"young","shape":"tall-slender","outfit":"pilgrim","passed":true}
{"label":"young","shape":"tall-slender","outfit":"graveweaver","passed":true}
{"label":"young","shape":"tall-slender","outfit":"warden","passed":true}
{"label":"young","shape":"tall-slender","outfit":"revenant","passed":true}
{"label":"young","shape":"tall-slender","outfit":"mixed-hood","passed":true}
{"label":"young","shape":"tall-slender","outfit":"mixed-open","passed":true}
{"label":"young","shape":"short-slender","outfit":"bare","passed":true}
{"label":"young","shape":"short-slender","outfit":"lector","passed":true}
{"label":"young","shape":"short-slender","outfit":"duskguard","passed":true}
{"label":"young","shape":"short-slender","outfit":"wayfarer","passed":true}
{"label":"young","shape":"short-slender","outfit":"pilgrim","passed":true}
{"label":"young","shape":"short-slender","outfit":"graveweaver","passed":true}
{"label":"young","shape":"short-slender","outfit":"warden","passed":true}
{"label":"young","shape":"short-slender","outfit":"revenant","passed":true}
{"label":"young","shape":"short-slender","outfit":"mixed-hood","passed":true}
{"label":"young","shape":"short-slender","outfit":"mixed-open","passed":true}
{"label":"young","shape":"tall-stout","outfit":"bare","passed":true}
{"label":"young","shape":"tall-stout","outfit":"lector","passed":true}
{"label":"young","shape":"tall-stout","outfit":"duskguard","passed":true}
{"label":"young","shape":"tall-stout","outfit":"wayfarer","passed":true}
{"label":"young","shape":"tall-stout","outfit":"pilgrim","passed":true}
{"label":"young","shape":"tall-stout","outfit":"graveweaver","passed":true}
{"label":"young","shape":"tall-stout","outfit":"warden","passed":true}
{"label":"young","shape":"tall-stout","outfit":"revenant","passed":true}
{"label":"young","shape":"tall-stout","outfit":"mixed-hood","passed":true}
{"label":"young","shape":"tall-stout","outfit":"mixed-open","passed":true}
{"label":"young-hair","shape":"neutral","outfit":"bare","passed":true}
{"label":"young-hair","shape":"neutral","outfit":"lector","passed":true}
{"label":"young-hair","shape":"neutral","outfit":"duskguard","passed":true}
{"label":"young-hair","shape":"neutral","outfit":"wayfarer","passed":true}
{"label":"young-hair","shape":"neutral","outfit":"pilgrim","passed":true}
{"label":"young-hair","shape":"neutral","outfit":"graveweaver","passed":true}
{"label":"young-hair","shape":"neutral","outfit":"warden","passed":true}
{"label":"young-hair","shape":"neutral","outfit":"revenant","passed":true}
{"label":"young-hair","shape":"neutral","outfit":"mixed-hood","passed":true}
{"label":"young-hair","shape":"neutral","outfit":"mixed-open","passed":true}
{"label":"young-hair","shape":"short-stout","outfit":"bare","passed":true}
{"label":"young-hair","shape":"short-stout","outfit":"lector","passed":true}
{"label":"young-hair","shape":"short-stout","outfit":"duskguard","passed":true}
{"label":"young-hair","shape":"short-stout","outfit":"wayfarer","passed":true}
{"label":"young-hair","shape":"short-stout","outfit":"pilgrim","passed":true}
{"label":"young-hair","shape":"short-stout","outfit":"graveweaver","passed":true}
{"label":"young-hair","shape":"short-stout","outfit":"warden","passed":true}
{"label":"young-hair","shape":"short-stout","outfit":"revenant","passed":true}
{"label":"young-hair","shape":"short-stout","outfit":"mixed-hood","passed":true}
{"label":"young-hair","shape":"short-stout","outfit":"mixed-open","passed":true}
{"label":"young-hair","shape":"tall-slender","outfit":"bare","passed":true}
{"label":"young-hair","shape":"tall-slender","outfit":"lector","passed":true}
{"label":"young-hair","shape":"tall-slender","outfit":"duskguard","passed":true}
{"label":"young-hair","shape":"tall-slender","outfit":"wayfarer","passed":true}
{"label":"young-hair","shape":"tall-slender","outfit":"pilgrim","passed":true}
{"label":"young-hair","shape":"tall-slender","outfit":"graveweaver","passed":true}
{"label":"young-hair","shape":"tall-slender","outfit":"warden","passed":true}
{"label":"young-hair","shape":"tall-slender","outfit":"revenant","passed":true}
{"label":"young-hair","shape":"tall-slender","outfit":"mixed-hood","passed":true}
{"label":"young-hair","shape":"tall-slender","outfit":"mixed-open","passed":true}
{"label":"young-hair","shape":"short-slender","outfit":"bare","passed":true}
{"label":"young-hair","shape":"short-slender","outfit":"lector","passed":true}
{"label":"young-hair","shape":"short-slender","outfit":"duskguard","passed":true}
{"label":"young-hair","shape":"short-slender","outfit":"wayfarer","passed":true}
{"label":"young-hair","shape":"short-slender","outfit":"pilgrim","passed":true}
{"label":"young-hair","shape":"short-slender","outfit":"graveweaver","passed":true}
{"label":"young-hair","shape":"short-slender","outfit":"warden","passed":true}
{"label":"young-hair","shape":"short-slender","outfit":"revenant","passed":true}
{"label":"young-hair","shape":"short-slender","outfit":"mixed-hood","passed":true}
{"label":"young-hair","shape":"short-slender","outfit":"mixed-open","passed":true}
{"label":"young-hair","shape":"tall-stout","outfit":"bare","passed":true}
{"label":"young-hair","shape":"tall-stout","outfit":"lector","passed":true}
{"label":"young-hair","shape":"tall-stout","outfit":"duskguard","passed":true}
{"label":"young-hair","shape":"tall-stout","outfit":"wayfarer","passed":true}
{"label":"young-hair","shape":"tall-stout","outfit":"pilgrim","passed":true}
{"label":"young-hair","shape":"tall-stout","outfit":"graveweaver","passed":true}
{"label":"young-hair","shape":"tall-stout","outfit":"warden","passed":true}
{"label":"young-hair","shape":"tall-stout","outfit":"revenant","passed":true}
{"label":"young-hair","shape":"tall-stout","outfit":"mixed-hood","passed":true}
{"label":"young-hair","shape":"tall-stout","outfit":"mixed-open","passed":true}
