{"race":"human","slot":"helmet","dye":"oxblood","passed":true,"moved":0.4148,"noise":0.031}
{"race":"human","slot":"helmet","dye":"moss","passed":true,"moved":0.4089,"noise":0.031}
{"race":"human","slot":"helmet","case":"plateau","counts":[139,139,139,139,139,139],"passed":true}
{"race":"human","slot":"torso","dye":"oxblood","passed":true,"moved":1.7219,"noise":0.0331}
{"race":"human","slot":"torso","dye":"moss","passed":true,"moved":1.3771,"noise":0.0331}
{"race":"human","slot":"torso","case":"plateau","counts":[142,142,142,142,142,142],"passed":true}
{"race":"human","slot":"legs","dye":"oxblood","passed":true,"moved":1.5212,"noise":0.057}
{"race":"human","slot":"legs","dye":"moss","passed":true,"moved":1.7632,"noise":0.057}
{"race":"human","slot":"legs","case":"plateau","counts":[147,147,147,147,147,147],"passed":true}
{"race":"human","slot":"boots","dye":"oxblood","passed":true,"moved":0.6568,"noise":0.0792}
{"race":"human","slot":"boots","dye":"moss","passed":true,"moved":0.7229,"noise":0.0792}
{"race":"human","slot":"boots","case":"plateau","counts":[149,149,149,149,149,149],"passed":true}
{"race":"human","slot":"gloves","dye":"oxblood","passed":true,"moved":0.3992,"noise":0.0666}
{"race":"human","slot":"gloves","dye":"moss","passed":true,"moved":0.3424,"noise":0.0666}
{"race":"human","slot":"gloves","case":"plateau","counts":[152,152,152,152,152,152],"passed":true}
{"race":"human","slot":"shoulders","dye":"oxblood","passed":false,"moved":0.2365,"noise":0.0987,"err":"oxblood shifted the crop mean by 0.2365, under the 0.2467 floor set by 0.0987 capture noise"}
{"race":"human","slot":"shoulders","dye":"moss","passed":false,"moved":0.2098,"noise":0.0987,"err":"moss shifted the crop mean by 0.2098, under the 0.2467 floor set by 0.0987 capture noise"}
{"race":"human","slot":"shoulders","case":"plateau","counts":[153,153,153,153,153,153],"passed":true}
{"race":"orc","slot":"helmet","dye":"oxblood","passed":true,"moved":0.4826,"noise":0.0373}
{"race":"orc","slot":"helmet","dye":"moss","passed":true,"moved":0.4972,"noise":0.0373}
{"race":"orc","slot":"helmet","case":"plateau","counts":[159,159,159,159,159,159],"passed":true}
{"race":"orc","slot":"torso","dye":"oxblood","passed":true,"moved":2.8551,"noise":0.0279}
{"race":"orc","slot":"torso","dye":"moss","passed":true,"moved":2.3312,"noise":0.0279}
{"race":"orc","slot":"torso","case":"plateau","counts":[159,159,159,159,159,159],"passed":true}
{"race":"orc","slot":"legs","dye":"oxblood","passed":true,"moved":3.0286,"noise":0.0483}
{"race":"orc","slot":"legs","dye":"moss","passed":true,"moved":3.2858,"noise":0.0483}
{"race":"orc","slot":"legs","case":"plateau","counts":[159,159,159,159,159,159],"passed":true}
{"race":"orc","slot":"boots","dye":"oxblood","passed":true,"moved":1.4504,"noise":0.034}
{"race":"orc","slot":"boots","dye":"moss","passed":true,"moved":1.5085,"noise":0.034}
{"race":"orc","slot":"boots","case":"plateau","counts":[159,159,159,159,159,159],"passed":true}
{"race":"orc","slot":"gloves","dye":"oxblood","passed":true,"moved":1.8158,"noise":0.0449}
{"race":"orc","slot":"gloves","dye":"moss","passed":true,"moved":1.4946,"noise":0.0449}
{"race":"orc","slot":"gloves","case":"plateau","counts":[159,159,159,159,159,159],"passed":true}
{"race":"orc","slot":"shoulders","dye":"oxblood","passed":true,"moved":0.6959,"noise":0.0382}
{"race":"orc","slot":"shoulders","dye":"moss","passed":true,"moved":0.6257,"noise":0.0382}
{"race":"orc","slot":"shoulders","case":"plateau","counts":[159,159,159,159,159,159],"passed":true}
{"race":"undead","slot":"helmet","dye":"oxblood","passed":true,"moved":0.4298,"noise":0.0706}
{"race":"undead","slot":"helmet","dye":"moss","passed":true,"moved":0.4398,"noise":0.0706}
{"race":"undead","slot":"helmet","case":"plateau","counts":[144,144,144,144,144,144],"passed":true}
{"race":"undead","slot":"torso","dye":"oxblood","passed":true,"moved":1.5792,"noise":0.0636}
{"race":"undead","slot":"torso","dye":"moss","passed":true,"moved":1.3308,"noise":0.0636}
{"race":"undead","slot":"torso","case":"plateau","counts":[147,147,147,147,147,147],"passed":true}
{"race":"undead","slot":"legs","dye":"oxblood","passed":true,"moved":1.9331,"noise":0.0663}
{"race":"undead","slot":"legs","dye":"moss","passed":true,"moved":2.3022,"noise":0.0663}
{"race":"undead","slot":"legs","case":"plateau","counts":[152,152,152,152,152,152],"passed":true}
{"race":"undead","slot":"boots","dye":"oxblood","passed":true,"moved":0.8947,"noise":0.0253}
{"race":"undead","slot":"boots","dye":"moss","passed":true,"moved":1.0625,"noise":0.0253}
{"race":"undead","slot":"boots","case":"plateau","counts":[155,155,155,155,155,155],"passed":true}
{"race":"undead","slot":"gloves","dye":"oxblood","passed":true,"moved":0.4504,"noise":0.0338}
{"race":"undead","slot":"gloves","dye":"moss","passed":true,"moved":0.33,"noise":0.0338}
{"race":"undead","slot":"gloves","case":"plateau","counts":[158,158,158,158,158,158],"passed":true}
{"race":"undead","slot":"shoulders","dye":"oxblood","passed":true,"moved":0.537,"noise":0.0318}
{"race":"undead","slot":"shoulders","dye":"moss","passed":true,"moved":0.4275,"noise":0.0318}
{"race":"undead","slot":"shoulders","case":"plateau","counts":[159,159,159,159,159,159],"passed":true}
{"rows":54,"failed":2,"consoleErrors":0}
