{"race":"human","id":"body","points":5598540,"escaped":0}
{"race":"human","id":"graveweaverHood","points":4038165,"escaped":0}
{"race":"human","id":"graveweaverTop","points":3051495,"escaped":0}
{"race":"human","id":"graveweaverSkirt","points":5320665,"escaped":0}
{"race":"human","id":"graveweaverGloves","points":2219580,"escaped":0}
{"race":"human","id":"wayfarerTunic","points":3228480,"escaped":0}
{"race":"human","id":"pilgrimTunic","points":7660800,"escaped":0}
{"race":"human","id":"wayfarerTrousers","points":3539700,"escaped":0}
{"race":"human","id":"wayfarerBoots","points":3018150,"escaped":0}
{"race":"human","id":"wardenPauldrons","points":201780,"escaped":0}
{"race":"human","id":"lectorCoat","points":5174460,"escaped":0}
{"race":"human","id":"duskguardCuirass","points":4460535,"escaped":0}
{"race":"human","id":"duskguardTassets","points":3691890,"escaped":0}
{"race":"human","id":"duskguardGreaves","points":3113910,"escaped":0}
{"race":"human","id":"duskguardVambraces","points":2354670,"escaped":0}
{"race":"orc","id":"body","points":41574375,"escaped":0}
{"race":"orc","id":"graveweaverHood","points":1346055,"escaped":0}
{"race":"orc","id":"graveweaverTop","points":1017165,"escaped":0}
{"race":"orc","id":"graveweaverSkirt","points":2166855,"escaped":0}
{"race":"orc","id":"graveweaverGloves","points":780900,"escaped":0}
{"race":"orc","id":"wayfarerTunic","points":1076160,"escaped":0}
{"race":"orc","id":"pilgrimTunic","points":2553600,"escaped":0}
{"race":"orc","id":"wayfarerTrousers","points":1179900,"escaped":0}
{"race":"orc","id":"wayfarerBoots","points":1006050,"escaped":0}
{"race":"orc","id":"wardenPauldrons","points":56430,"escaped":0}
{"race":"orc","id":"lectorCoat","points":1903515,"escaped":0}
{"race":"orc","id":"duskguardCuirass","points":2023785,"escaped":0}
{"race":"orc","id":"duskguardTassets","points":1317840,"escaped":0}
{"race":"orc","id":"duskguardGreaves","points":1032840,"escaped":0}
{"race":"orc","id":"duskguardVambraces","points":842460,"escaped":0}
{"race":"undead","id":"body","points":7493220,"escaped":0}
{"race":"undead","id":"graveweaverHood","points":1346055,"escaped":0}
{"race":"undead","id":"graveweaverTop","points":1017165,"escaped":0}
{"race":"undead","id":"graveweaverSkirt","points":2166855,"escaped":0}
{"race":"undead","id":"graveweaverGloves","points":739860,"escaped":0}
{"race":"undead","id":"wayfarerTunic","points":1076160,"escaped":0}
{"race":"undead","id":"pilgrimTunic","points":2553600,"escaped":0}
{"race":"undead","id":"wayfarerTrousers","points":1179900,"escaped":0}
{"race":"undead","id":"wayfarerBoots","points":1006050,"escaped":0}
{"race":"undead","id":"wardenPauldrons","points":39900,"escaped":0}
{"race":"undead","id":"lectorCoat","points":2005260,"escaped":0}
{"race":"undead","id":"duskguardCuirass","points":1858770,"escaped":0}
{"race":"undead","id":"duskguardTassets","points":1243740,"escaped":0}
{"race":"undead","id":"duskguardGreaves","points":1035690,"escaped":0}
{"race":"undead","id":"duskguardVambraces","points":807120,"escaped":0}
{"completed":true,"points":142120095,"escaped":0,"byteCache":{"entries":0,"reservedBytes":0,"peakReservedBytes":4496592,"ceilingBytes":8388608,"leases":0}}
