
> ashen-reach@1.0.0 build
> vite build

vite v8.3.0 building client environment for production...
transforming...
[plugin rolldown:vite-resolve] Module "node:path" has been externalized for browser compatibility, imported by "/Users/antbly/dev/wow-clone/node_modules/@gltf-transform/core/dist/index.js". See https://vite.dev/guide/troubleshooting.html#module-externalized-for-browser-compatibility for more details.
[plugin rolldown:vite-resolve] Module "node:fs" has been externalized for browser compatibility, imported by "/Users/antbly/dev/wow-clone/node_modules/@gltf-transform/core/dist/index.js". See https://vite.dev/guide/troubleshooting.html#module-externalized-for-browser-compatibility for more details.
✓ 1377 modules transformed.
rendering chunks...
computing gzip size...
dist/assets/engine-Bmc5IJPK.js                              0.08 kB
dist/assets/lite-error-CbM31Lpb.js                          0.12 kB
dist/assets/havok-BZX47koC.js                               0.13 kB
dist/assets/typed-arrays-mqcHaLDm.js                        0.14 kB
dist/assets/compose-mat4-CADQB8A0.js                        0.19 kB
dist/assets/constant-e-DvKB8KvI.js                          0.23 kB
dist/assets/constant-inf-B_CxAHSb.js                        0.23 kB
dist/assets/constant-nan-J_GBazdN.js                        0.23 kB
dist/assets/constant-pi-pxCrYLR6.js                         0.23 kB
dist/assets/constant-tau-x7irwZj2.js                        0.24 kB
dist/assets/constant-8ba2LFkz.js                            0.25 kB
dist/assets/get-variable-C_H9hfuO.js                        0.28 kB
dist/assets/abs-BFlyxCvm.js                                 0.31 kB
dist/assets/float-to-boolean-DYEmT3lC.js                    0.31 kB
dist/assets/floor-Du3K8pyH.js                               0.31 kB
dist/assets/boolean-to-float-CnxDyz0e.js                    0.31 kB
dist/assets/cos-D9kmNSc2.js                                 0.31 kB
dist/assets/log-mBAAjBnb.js                                 0.31 kB
dist/assets/sin-CqNFb7-L.js                                 0.31 kB
dist/assets/tan-D4LI046q.js                                 0.31 kB
dist/assets/acos-DUEcbSau.js                                0.32 kB
dist/assets/asin-C5ngIz8f.js                                0.32 kB
dist/assets/atan-C8h0EOlt.js                                0.32 kB
dist/assets/ceil-BGPsWf0H.js                                0.32 kB
dist/assets/cosh-CiJuDwKT.js                                0.32 kB
dist/assets/log2-DhnGV4ex.js                                0.32 kB
dist/assets/sign-Aa1Ng1ad.js                                0.32 kB
dist/assets/sinh-BwGLy3iT.js                                0.32 kB
dist/assets/tanh-ClywP50X.js                                0.32 kB
dist/assets/boolean-to-int-BL9zYZ58.js                      0.32 kB
dist/assets/int-to-float-DqrTcNWJ.js                        0.32 kB
dist/assets/acosh-Dy8GyTjQ.js                               0.32 kB
dist/assets/asinh-BB-jcxC0.js                               0.32 kB
dist/assets/atanh-iVt3fkn3.js                               0.32 kB
dist/assets/log10-BL9CI9AD.js                               0.32 kB
dist/assets/round-CUCLvlze.js                               0.32 kB
dist/assets/trunc-DuPt1jok.js                               0.32 kB
dist/assets/is-nan-DqrM5cbD.js                              0.32 kB
dist/assets/length-DXfanUxn.js                              0.33 kB
dist/assets/fraction-B55SUBiu.js                            0.33 kB
dist/assets/cube-root-CfnbbJNp.js                           0.33 kB
dist/assets/negation-BwDOPga5.js                            0.33 kB
dist/assets/saturate-k3m66iJ9.js                            0.33 kB
dist/assets/deg-to-rad-DYBA1pnf.js                          0.33 kB
dist/assets/int-to-boolean-BJjfx9c3.js                      0.33 kB
dist/assets/rad-to-deg-DsSZym3A.js                          0.33 kB
dist/assets/normalize-Dp_6hs9q.js                           0.33 kB
dist/assets/transpose-DfYxnEi3.js                           0.33 kB
dist/assets/bitwise-not-T1ytnch4.js                         0.34 kB
dist/assets/square-root-DCscRiml.js                         0.34 kB
dist/assets/exponential-CAT4yh2t.js                         0.34 kB
dist/assets/is-infinity-BPGORm3u.js                         0.34 kB
dist/assets/determinant-Q9X2QB6C.js                         0.34 kB
dist/assets/invert-matrix-FYN20SMg.js                       0.34 kB
dist/assets/leading-zeros-DUAVX7m7.js                       0.34 kB
dist/assets/add-BNXxk90C.js                                 0.34 kB
dist/assets/max-BURu2K-m.js                                 0.34 kB
dist/assets/min-BYCGxDZc.js                                 0.34 kB
dist/assets/sequence-BfzSWnoI.js                            0.34 kB
dist/assets/trailing-zeros-CGBw1_8Q.js                      0.34 kB
dist/assets/dot-DPnU4EhI.js                                 0.35 kB
dist/assets/atan2-DMT-o15M.js                               0.35 kB
dist/assets/branch-DSdvaYtp.js                              0.35 kB
dist/assets/one-bits-counter-CAEUjQkp.js                    0.35 kB
dist/assets/power-J_BZwtg3.js                               0.35 kB
dist/assets/divide-CDQpBcy7.js                              0.35 kB
dist/assets/cross-85_Qe_Y-.js                               0.35 kB
dist/assets/modulo-BSsllY8O.js                              0.35 kB
dist/assets/quat-conjugate-CQkUER9u.js                      0.35 kB
dist/assets/multiply-BWL3veoM.js                            0.36 kB
dist/assets/subtract-CwDUt9h0.js                            0.36 kB
dist/assets/equality-B5zTF1ff.js                            0.36 kB
dist/assets/bitwise-or-Py2yLszv.js                          0.36 kB
dist/assets/less-than-tfoJfsJs.js                           0.36 kB
dist/assets/bitwise-and-C79URrLI.js                         0.37 kB
dist/assets/extract2-jkstHhPV.js                            0.37 kB
dist/assets/bitwise-xor-DTEmDUtU.js                         0.37 kB
dist/assets/rotate2d-DnEhXAik.js                            0.37 kB
dist/assets/greater-than-DzdSSk6S.js                        0.37 kB
dist/assets/combine2-BPBXyIJd.js                            0.37 kB
dist/assets/random-CHzuGoA1.js                              0.37 kB
dist/assets/rotate3d-DwHkdT5Y.js                            0.37 kB
dist/assets/clamp-d1THnTnY.js                               0.38 kB
dist/assets/smooth-step-BavxaWxP.js                         0.38 kB
dist/assets/transform-vector-DDAZX8Sm.js                    0.38 kB
dist/assets/bitwise-left-shift-CoBNBfYb.js                  0.38 kB
dist/assets/less-than-or-equal-DnhNwkon.js                  0.39 kB
dist/assets/vector-slerp-8x8GpOjT.js                        0.39 kB
dist/assets/bitwise-right-shift-Dqk_2Uq4.js                 0.39 kB
dist/assets/angle-between-CoGwfWGM.js                       0.39 kB
dist/assets/conditional-BRMHx06t.js                         0.39 kB
dist/assets/greater-than-or-equal-CyhwqiDs.js               0.40 kB
dist/assets/extract3-CuwGM4ms.js                            0.40 kB
dist/assets/matrix-multiplication-D5Dqp1C0.js               0.40 kB
dist/assets/mix-BrhfMq0Z.js                                 0.40 kB
dist/assets/combine3-DSTimn77.js                            0.41 kB
dist/assets/quaternion-slerp-B-TyXsNZ.js                    0.41 kB
dist/assets/quaternion-from-up-forward-7icD7m4Z.js          0.41 kB
dist/assets/quaternion-multiplication-1vHFEkXR.js           0.42 kB
dist/assets/quaternion-from-axis-angle-BU-Btc-u.js          0.42 kB
dist/assets/extract-matrix-C_aSjqEn.js                      0.42 kB
dist/assets/quaternion-from-directions-BSurTimM.js          0.42 kB
dist/assets/scene-start-CP78_HDX.js                         0.43 kB
dist/assets/extract4-BIXZ8PHi.js                            0.43 kB
dist/assets/float-to-int-CqHASVhb.js                        0.43 kB
dist/assets/extract-matrix2d-B2GQ6mQb.js                    0.43 kB
dist/assets/extract-matrix3d-LWZ8G1Is.js                    0.43 kB
dist/assets/combine4-D-6FgzH2.js                            0.44 kB
dist/assets/quaternion-from-angles-CYXZUWiB.js              0.44 kB
dist/assets/rgb-to-oklch-YXGzskms.js                        0.46 kB
dist/assets/while-loop-D4zxWlkm.js                          0.46 kB
dist/assets/rgb-from-oklch-DSioqEI4.js                      0.46 kB
dist/assets/combine-matrix-Djvir1Ue.js                      0.47 kB
dist/assets/no-op-B6yEVs_u.js                               0.47 kB
dist/assets/combine-matrix2d-BJuwmISx.js                    0.47 kB
dist/assets/combine-matrix3d-C4OQRdA6.js                    0.47 kB
dist/assets/stop-event-propagation-Detxasfi.js              0.48 kB
dist/assets/gpu-resource-retirement-CcFTRIM0.js             0.48 kB
dist/assets/matrix-compose-DKGcKroI.js                      0.48 kB
dist/assets/axis-angle-from-quaternion-EdT0l-FM.js          0.49 kB
dist/assets/data-switch-D5mShwuu.js                         0.51 kB
dist/assets/switch-D5lFDC_A.js                              0.52 kB
dist/assets/cancel-delay-DwgYrFgH.js                        0.53 kB
dist/assets/create-quat-from-rotation-mat4-PcdXSPCR.js      0.53 kB
dist/assets/matrix-decompose-DQnkDheR.js                    0.57 kB
dist/assets/send-custom-event-3XHH7MVC.js                   0.60 kB
dist/assets/receive-custom-event-CipTiFWq.js                0.63 kB
dist/assets/on-select-B0Oss0Re.js                           0.63 kB
dist/assets/set-variable-DVIIYe6R.js                        0.67 kB
dist/assets/do-n-sadE0Gn2.js                                0.71 kB
dist/assets/editor-property-CJ21UUlY.js                     0.72 kB
dist/assets/scene-tick-yhFdQY2W.js                          0.75 kB
dist/assets/multiply-mat4-into-buffer-DfBnM-FI.js           0.77 kB
dist/assets/get-property-BmSzQDYd.js                        0.78 kB
dist/assets/for-loop-r9mAQtLw.js                            0.87 kB
dist/index.html                                             0.88 kB │ gzip:   0.53 kB
dist/assets/set-property-Cu2bCVPH.js                        0.89 kB
dist/body-preview.html                                      0.91 kB │ gzip:   0.42 kB
dist/character-lab.html                                     0.95 kB │ gzip:   0.43 kB
dist/assets/console-log-_LQ3zELS.js                         0.97 kB
dist/assets/multi-gate-dx4XUDgp.js                          0.98 kB
dist/assets/throttle-CEiOsDLU.js                            1.02 kB
dist/assets/wait-all-CsYJq09I.js                            1.07 kB
dist/assets/stop-animation-g7_berl8.js                      1.09 kB
dist/assets/play-animation-Z5M9Y0fn.js                      1.13 kB
dist/assets/set-delay-l0qGj_Dc.js                           1.29 kB
dist/character-crowd-probe.html                             1.29 kB │ gzip:   0.59 kB
dist/assets/shader-pipeline-cache-o2hNKN0n.js               1.64 kB
dist/assets/uniform-copy-batch-CB6Qu_Sv.js                  1.77 kB
dist/assets/generate-mipmaps-f60TfV7u.js                    1.85 kB
dist/assets/pointer-template-BwK3RynH.js                    2.29 kB
dist/assets/foliage-lod-probe-CC0SUAo5.js                   2.74 kB
dist/assets/shader-thin-instance-dFSYzJ_v.js                2.88 kB
dist/assets/thin-instance-gpu-spZwzoSw.js                   2.99 kB
dist/assets/havok-floating-origin-B3DTHsth.js               3.18 kB
dist/assets/value-interpolation-0JOSvU0p.js                 3.91 kB
dist/assets/scene-rebuild-DUjyCfo9.js                       4.32 kB
dist/assets/havok-thin-instances-BKnLHrq2.js                5.76 kB
dist/assets/scene-runtime-mesh-build-BFGvWaZa.js            6.33 kB
dist/assets/sockets-COAzZyAw.js                             8.24 kB
dist/assets/starter-outfit-worker-BiqNvION.js              12.88 kB
dist/assets/fixture-worker-DTSnt5MN.js                     13.17 kB
dist/assets/thin-instance-cull-binding-Dt-7VLnz.js         14.56 kB
dist/ashen-reach.html                                      15.27 kB │ gzip:   5.28 kB
dist/assets/shader-renderable-Cm8mAHvm.js                  15.45 kB
dist/assets/fg-math-CX88zdiW.js                            16.15 kB
dist/assets/world-worker-Cvw93lBX.js                      142.09 kB
dist/assets/HavokPhysics-BqNY-4N9.wasm                  2,094.56 kB │ gzip: 668.98 kB
dist/assets/entry-DVqnJsvn.css                              0.86 kB │ gzip:   0.43 kB
dist/assets/creator-B5d1-Jhl.css                            0.93 kB │ gzip:   0.39 kB
dist/assets/bodyPreview-Cvnd5wQ3.css                        1.58 kB │ gzip:   0.76 kB
dist/assets/characterLab-hGmVlny6.css                       1.66 kB │ gzip:   0.78 kB
dist/assets/armory-dUCANNuh.css                             4.89 kB │ gzip:   1.62 kB
dist/assets/ashenReach-CELGCeSv.css                         6.79 kB │ gzip:   2.15 kB
dist/assets/lite-error-decoder-CXC1Z-2i.js                  0.07 kB │ gzip:   0.08 kB
dist/assets/prime-morph-materials-CqymImTN.js               0.52 kB │ gzip:   0.38 kB │ map:     2.13 kB
dist/assets/modulepreload-polyfill-P2Xu9kJm.js              0.67 kB │ gzip:   0.38 kB
dist/assets/rolldown-runtime-hePW80VL.js                    0.71 kB │ gzip:   0.42 kB
dist/assets/module-preload-BZ1Pz5am.js                      1.21 kB │ gzip:   0.69 kB
dist/assets/frame-metrics-BLj3v_ns.js                       1.25 kB │ gzip:   0.60 kB │ map:     3.49 kB
dist/assets/batches-CGkc4NOI.js                             2.13 kB │ gzip:   1.15 kB │ map:     6.28 kB
dist/assets/equipment-DNWZT--S.js                           2.39 kB │ gzip:   1.19 kB │ map:     7.77 kB
dist/assets/human-shape-CLK6o720.js                         2.53 kB │ gzip:   1.27 kB │ map:    11.00 kB
dist/assets/local-light-probe-Cmr1GCo8.js                   2.53 kB │ gzip:   1.23 kB │ map:     5.20 kB
dist/assets/sun-shadow-probe-BD1ey55R.js                    2.54 kB │ gzip:   1.20 kB │ map:     5.10 kB
dist/assets/foliage-lod-probe-BR9FmHIc.js                   2.74 kB │ gzip:   1.42 kB │ map:     6.65 kB
dist/assets/linear-materials-uhrcQVxR.js                    3.13 kB │ gzip:   1.44 kB │ map:    14.68 kB
dist/assets/startupPreload-BOJnV7Gs.js                      3.22 kB │ gzip:   1.58 kB │ map:     9.30 kB
dist/assets/townsfolk-EmJ4tq1L.js                           3.37 kB │ gzip:   1.63 kB │ map:    10.73 kB
dist/assets/local-specular-c6fg4PgS.js                      4.00 kB │ gzip:   1.64 kB │ map:     7.97 kB
dist/assets/entry-BgZKJkCz.js                               4.31 kB │ gzip:   2.02 kB │ map:     9.64 kB
dist/assets/npc-DAVcAdvG.js                                 4.77 kB │ gzip:   2.32 kB │ map:    18.20 kB
dist/assets/creator-CYRQOgzm.js                             6.31 kB │ gzip:   2.74 kB │ map:    26.21 kB
dist/assets/bind-contract-BAeigSJ7.js                       6.33 kB │ gzip:   2.67 kB │ map:    18.17 kB
dist/assets/input-Dr2x9id5.js                               6.77 kB │ gzip:   2.61 kB │ map:    27.26 kB
dist/assets/characterCrowdProbe-p02pxtaB.js                 7.85 kB │ gzip:   3.80 kB │ map:    23.53 kB
dist/assets/appearance-storage-CLSZUveh.js                  9.39 kB │ gzip:   3.58 kB │ map:    27.20 kB
dist/assets/sun-shadows-DcKOgxDU.js                         9.66 kB │ gzip:   4.31 kB │ map:    24.71 kB
dist/assets/armory-Cy93ZAHf.js                              9.99 kB │ gzip:   4.01 kB │ map:    24.36 kB
dist/assets/equipment-catalog-nQUnhj4P.js                  11.27 kB │ gzip:   3.48 kB │ map:    30.46 kB
dist/assets/geometry-Bets0gCs.js                           12.67 kB │ gzip:   5.45 kB │ map:    48.31 kB
dist/assets/enemies-CDKjBlNj.js                            15.46 kB │ gzip:   6.14 kB │ map:    57.40 kB
dist/assets/bodyPreview-BjALypGd.js                        18.00 kB │ gzip:   7.68 kB │ map:    67.76 kB
dist/assets/materials-BcC87OEG.js                          24.57 kB │ gzip:  10.25 kB │ map:    49.31 kB
dist/assets/combat-C4jZNzcQ.js                             48.03 kB │ gzip:  17.86 kB │ map:   150.66 kB
dist/assets/scene-CgQkbCRf.js                              53.00 kB │ gzip:  20.92 kB │ map:   201.80 kB
dist/assets/protocol-v2XIO8CM.js                          100.44 kB │ gzip:  29.56 kB │ map:   632.36 kB
dist/assets/client-bW39Fe_K.js                            145.78 kB │ gzip:  50.16 kB │ map:   746.61 kB
dist/assets/ashenReach-FGBYBwN9.js                        250.16 kB │ gzip:  89.79 kB │ map:   851.29 kB
dist/assets/characterLab-B725PUSS.js                      261.08 kB │ gzip:  72.75 kB │ map:   918.25 kB
dist/assets/lite-runtime-BSSrBlSx.js                      784.19 kB │ gzip: 240.01 kB │ map: 2,882.68 kB

[33m[INEFFECTIVE_DYNAMIC_IMPORT] [0msrc/ashen-reach/startup-assets.js is dynamically imported by src/ashen-reach/equipment-stream.js but also statically imported by src/ashen-reach/main.js, dynamic import will not move module into another chunk.

[plugin builtin:vite-reporter]
(!) Some chunks are larger than 500 kB after minification. Consider:
- Using dynamic import() to code-split the application
- Use build.rolldownOptions.output.codeSplitting to improve chunking: https://rolldown.rs/reference/OutputOptions.codeSplitting
- Adjust chunk size limit for this warning via build.chunkSizeWarningLimit.
✓ built in 1.44s
