TAP version 13
# Subtest: shared appearance accepts only published fits and the reviewed body domain
ok 1 - shared appearance accepts only published fits and the reviewed body domain
  ---
  duration_ms: 2.187041
  type: 'test'
  ...
# Subtest: appearance requests cannot claim positions or another actor and reject getters before evaluating
ok 2 - appearance requests cannot claim positions or another actor and reject getters before evaluating
  ---
  duration_ms: 0.418458
  type: 'test'
  ...
# Subtest: discovery and seat versions reject old, missing and mismatched catalogues
ok 3 - discovery and seat versions reject old, missing and mismatched catalogues
  ---
  duration_ms: 0.096375
  type: 'test'
  ...
1..3
# tests 3
# suites 0
# pass 3
# fail 0
# cancelled 0
# skipped 0
# todo 0
# duration_ms 60.988709
