
> ashen-reach@1.0.0 test:equipment
> node --test scripts/test-equipment-contract.mjs scripts/test-equipment-loader.mjs scripts/test-streamed-assets.mjs scripts/test-orc-streamed-assets.mjs scripts/test-ashen-equipment.mjs scripts/test-undead-race.mjs scripts/test-garment-shape-contract.mjs scripts/test-coverage-contract.mjs scripts/test-wardrobe-shoulders.mjs scripts/test-wardrobe-factory-bind.mjs scripts/test-coverage-partition.mjs scripts/test-garment-layer-coverage.mjs scripts/test-coverage-manifest.mjs

TAP version 13
# Subtest: Equipment pack preserves all 57 authored clips exactly
ok 1 - Equipment pack preserves all 57 authored clips exactly
  ---
  duration_ms: 61.888792
  type: 'test'
  ...
# Subtest: Equipment uses the original ordered source bind and rest hierarchy
ok 2 - Equipment uses the original ordered source bind and rest hierarchy
  ---
  duration_ms: 5.311584
  type: 'test'
  ...
# Subtest: Every legacy preloaded garment retains valid normalized source weights
ok 3 - Every legacy preloaded garment retains valid normalized source weights
  ---
  duration_ms: 19.881709
  type: 'test'
  ...
# Subtest: Body coverage partitions preserve every original material triangle exactly once
ok 4 - Body coverage partitions preserve every original material triangle exactly once
  ---
  duration_ms: 160.354292
  type: 'test'
  ...
# Subtest: Shared waist coverage survives either garment being removed
ok 5 - Shared waist coverage survives either garment being removed
  ---
  duration_ms: 0.538459
  type: 'test'
  ...
# Subtest: Boots tuck only trouser cuffs; barefoot restores cuffs and underlying feet
ok 6 - Boots tuck only trouser cuffs; barefoot restores cuffs and underlying feet
  ---
  duration_ms: 0.080791
  type: 'test'
  ...
# Subtest: Torso alternatives are exclusive and invalid combinations fail
ok 7 - Torso alternatives are exclusive and invalid combinations fail
  ---
  duration_ms: 0.305334
  type: 'test'
  ...
# Subtest: Hood and gloves independently hide hair and underlying hands
ok 8 - Hood and gloves independently hide hair and underlying hands
  ---
  duration_ms: 0.197375
  type: 'test'
  ...
# Subtest: Every preset is complete and valid; staff supports the independent book slot
ok 9 - Every preset is complete and valid; staff supports the independent book slot
  ---
  duration_ms: 0.392917
  type: 'test'
  ...
# Subtest: every catalogue coverage declaration maps to a known segment
ok 10 - every catalogue coverage declaration maps to a known segment
  ---
  duration_ms: 0.981916
  type: 'test'
  ...
# Subtest: the migrated proof outfits mean the same thing in both vocabularies
ok 11 - the migrated proof outfits mean the same thing in both vocabularies
  ---
  duration_ms: 0.311875
  type: 'test'
  ...
# Subtest: the legacy region adapter is total over what the catalogue uses
ok 12 - the legacy region adapter is total over what the catalogue uses
  ---
  duration_ms: 0.132167
  type: 'test'
  ...
# Subtest: unknown segments and regions are rejected rather than ignored
ok 13 - unknown segments and regions are rejected rather than ignored
  ---
  duration_ms: 0.35
  type: 'test'
  ...
# Subtest: separate Human ponytail follows hood coverage while the fused face stays visible
ok 14 - separate Human ponytail follows hood coverage while the fused face stays visible
  ---
  duration_ms: 0.12025
  type: 'test'
  ...
# Subtest: two-handed occupancy agrees with the catalogue validator on every combination
ok 15 - two-handed occupancy agrees with the catalogue validator on every combination
  ---
  duration_ms: 19.922334
  type: 'test'
  ...
# Subtest: the Orc adapter retains shipped visibility for every valid loadout
ok 16 - the Orc adapter retains shipped visibility for every valid loadout
  ---
  duration_ms: 145.814042
  type: 'test'
  ...
# Subtest: a one-mesh body can only be hidden when everything it carries is covered
ok 17 - a one-mesh body can only be hidden when everything it carries is covered
  ---
  duration_ms: 0.239209
  type: 'test'
  ...
# Subtest: hair under headwear: the hood covers the scalp only where a scalp geoset exists
ok 18 - hair under headwear: the hood covers the scalp only where a scalp geoset exists
  ---
  duration_ms: 0.358666
  type: 'test'
  ...
# Subtest: the adapter names only meshes the shipped packs actually contain
ok 19 - the adapter names only meshes the shipped packs actually contain
  ---
  duration_ms: 291.861292
  type: 'test'
  ...
# Subtest: bare states resolve: no helmet, no gloves, nothing at all
ok 20 - bare states resolve: no helmet, no gloves, nothing at all
  ---
  duration_ms: 0.365166
  type: 'test'
  ...
# Subtest: seams name the boundary two garments actually share
ok 21 - seams name the boundary two garments actually share
  ---
  duration_ms: 7.790958
  type: 'test'
  ...
# Subtest: every valid combination resolves on every race without throwing
ok 22 - every valid combination resolves on every race without throwing
  ---
  duration_ms: 116.593167
  type: 'test'
  ...
# Subtest: legacy packs do not pretend to have published body geosets
ok 23 - legacy packs do not pretend to have published body geosets
  ---
  duration_ms: 0.502875
  type: 'test'
  ...
# Subtest: published adapter is exact and independent from equipment slot names
ok 24 - published adapter is exact and independent from equipment slot names
  ---
  duration_ms: 0.427083
  type: 'test'
  ...
# Subtest: wrong revision/race, missing core, unknown semantics and stale body revisions fail closed
ok 25 - wrong revision/race, missing core, unknown semantics and stale body revisions fail closed
  ---
  duration_ms: 0.78825
  type: 'test'
  ...
# Subtest: coverage index partition preserves exact triangle union, shared attributes, morphs and node frame
ok 26 - coverage index partition preserves exact triangle union, shared attributes, morphs and node frame
  ---
  duration_ms: 6.452583
  type: 'test'
  ...
# Subtest: coverage rejects all/none masks before mutating the document
ok 27 - coverage rejects all/none masks before mutating the document
  ---
  duration_ms: 0.665958
  type: 'test'
  ...
# Subtest: coverage rejects nonboolean classifiers, invalid source indices and reused instances
ok 28 - coverage rejects nonboolean classifiers, invalid source indices and reused instances
  ---
  duration_ms: 0.464709
  type: 'test'
  ...
# Subtest: coverage refuses node morph animation that needs explicit duplicated channels
ok 29 - coverage refuses node morph animation that needs explicit duplicated channels
  ---
  duration_ms: 0.353583
  type: 'test'
  ...
# Subtest: independent written-file gate accepts exact union and rejects reversed or duplicated triangles
ok 30 - independent written-file gate accepts exact union and rejects reversed or duplicated triangles
  ---
  duration_ms: 5.35325
  type: 'test'
  ...
# Subtest: written gate rejects changed morph attributes, frames and ownership metadata
ok 31 - written gate rejects changed morph attributes, frames and ownership metadata
  ---
  duration_ms: 4.435416
  type: 'test'
  ...
# Subtest: all current Human presets satisfy declared fits and occupancy
ok 32 - all current Human presets satisfy declared fits and occupancy
  ---
  duration_ms: 0.738083
  type: 'test'
  ...
# Subtest: different race, rig, bind or shape cannot reuse these fits silently
ok 33 - different race, rig, bind or shape cannot reuse these fits silently
  ---
  duration_ms: 2.939167
  type: 'test'
  ...
# Subtest: Orc factory props declare a reviewed grip correction and keep Human defaults
ok 34 - Orc factory props declare a reviewed grip correction and keep Human defaults
  ---
  duration_ms: 1.40975
  type: 'test'
  ...
# Subtest: items keep the Human fit and declare an Orc entry in the per-race map
ok 35 - items keep the Human fit and declare an Orc entry in the per-race map
  ---
  duration_ms: 0.49975
  type: 'test'
  ...
# Subtest: mutating a mapped Orc fit fails validation
ok 36 - mutating a mapped Orc fit fails validation
  ---
  duration_ms: 0.336584
  type: 'test'
  ...
# Subtest: coverage typos, missing meshes and invalid cuff precedence fail before rendering
ok 37 - coverage typos, missing meshes and invalid cuff precedence fail before rendering
  ---
  duration_ms: 0.436916
  type: 'test'
  ...
# Subtest: two-hand occupancy rejects a book in either selection order without modifying selection
ok 38 - two-hand occupancy rejects a book in either selection order without modifying selection
  ---
  duration_ms: 0.350375
  type: 'test'
  ...
# Subtest: catalogue nested declarations cannot mutate after validation
ok 39 - catalogue nested declarations cannot mutate after validation
  ---
  duration_ms: 0.072583
  type: 'test'
  ...
# Subtest: invalid grip transforms and malformed requests are rejected
ok 40 - invalid grip transforms and malformed requests are rejected
  ---
  duration_ms: 1.151083
  type: 'test'
  ...
# Subtest: the two-handed greatstaff occupies both hands and stays catalogue-valid
ok 41 - the two-handed greatstaff occupies both hands and stays catalogue-valid
  ---
  duration_ms: 0.375875
  type: 'test'
  ...
# Subtest: interactive hand selection resolves conflict in the most recent direction
ok 42 - interactive hand selection resolves conflict in the most recent direction
  ---
  duration_ms: 0.157375
  type: 'test'
  ...
# Subtest: superseded preparation never commits and queued selections merge
ok 43 - superseded preparation never commits and queued selections merge
  ---
  duration_ms: 1.274166
  type: 'test'
  ...
# Subtest: failed load preserves visible state and can retry; unused entries are bounded
ok 44 - failed load preserves visible state and can retry; unused entries are bounded
  ---
  duration_ms: 1.025042
  type: 'test'
  ...
# Subtest: dispose during preparation retires late resource and never commits
ok 45 - dispose during preparation retires late resource and never commits
  ---
  duration_ms: 0.258333
  type: 'test'
  ...
# Subtest: failed commit and invalid request preserve previous loadout
ok 46 - failed commit and invalid request preserve previous loadout
  ---
  duration_ms: 0.241125
  type: 'test'
  ...
# Subtest: a newer valid request aborts blocked fetch preparation
ok 47 - a newer valid request aborts blocked fetch preparation
  ---
  duration_ms: 0.241416
  type: 'test'
  ...
# Subtest: upper trousers remain visible bare or with a torso without declared long coverage
ok 48 - upper trousers remain visible bare or with a torso without declared long coverage
  ---
  duration_ms: 0.728917
  type: 'test'
  ...
# Subtest: long torso hides only the declared geoset and unequip restores it
ok 49 - long torso hides only the declared geoset and unequip restores it
  ---
  duration_ms: 0.482834
  type: 'test'
  ...
# Subtest: inactive leg alternative cannot override selected geoset visibility
ok 50 - inactive leg alternative cannot override selected geoset visibility
  ---
  duration_ms: 0.081666
  type: 'test'
  ...
# Subtest: race adapter reflects already cropped Human robe rather than requiring nonexistent parts
ok 51 - race adapter reflects already cropped Human robe rather than requiring nonexistent parts
  ---
  duration_ms: 0.221333
  type: 'test'
  ...
# Subtest: unknown regions/items, body masking and duplicate parts fail the explicit contract
ok 52 - unknown regions/items, body masking and duplicate parts fail the explicit contract
  ---
  duration_ms: 0.613083
  type: 'test'
  ...
# Subtest: no garment control means the default route
ok 53 - no garment control means the default route
  ---
  duration_ms: 1.39475
  type: 'test'
  ...
# Subtest: the refitted pack is requested only when a shape target is driven
ok 54 - the refitted pack is requested only when a shape target is driven
  ---
  duration_ms: 0.177875
  type: 'test'
  ...
# Subtest: an unknown garmentFit is rejected rather than treated as shipped
ok 55 - an unknown garmentFit is rejected rather than treated as shipped
  ---
  duration_ms: 0.288875
  type: 'test'
  ...
# Subtest: garment fit and the plate are advertised as candidates, not shipped behaviour
ok 56 - garment fit and the plate are advertised as candidates, not shipped behaviour
  ---
  duration_ms: 0.058292
  type: 'test'
  ...
# Subtest: the plate rides a body variant and only when a shape is driven
ok 57 - the plate rides a body variant and only when a shape is driven
  ---
  duration_ms: 0.186917
  type: 'test'
  ...
# Subtest: the plated body is the same skin carrying one more mesh
ok 58 - the plated body is the same skin carrying one more mesh
  ---
  duration_ms: 4.132666
  type: 'test'
  ...
# Subtest: every garment carries the same targets in the same order as the body
ok 59 - every garment carries the same targets in the same order as the body
  ---
  duration_ms: 8.192125
  type: 'test'
  ...
# Subtest: the refit reduces the coverage the shape takes away
ok 60 - the refit reduces the coverage the shape takes away
  ---
  duration_ms: 0.809584
  type: 'test'
  ...
# Subtest: a rigid piece stays a similarity and cloth does not
ok 61 - a rigid piece stays a similarity and cloth does not
  ---
  duration_ms: 4.947167
  type: 'test'
  ...
# Subtest: Orc sculpt pack streams all published catalogue garments on the actor bind
ok 62 - Orc sculpt pack streams all published catalogue garments on the actor bind
  ---
  duration_ms: 236.99025
  type: 'test'
  ...
# Subtest: Tripo human pack streams the catalogue on the actor bind
ok 63 - Tripo human pack streams the catalogue on the actor bind
  ---
  duration_ms: 221.150709
  type: 'test'
  ...
# Subtest: Graveweaver skirt underlayer stops below the mixed-outfit waist
ok 64 - Graveweaver skirt underlayer stops below the mixed-outfit waist
  ---
  duration_ms: 3.500708
  type: 'test'
  ...
# Subtest: the Undead fit is a distinct identity wired into the race map
ok 65 - the Undead fit is a distinct identity wired into the race map
  ---
  duration_ms: 0.951875
  type: 'test'
  ...
# Subtest: an unrecognised fit is an error, not a Human
ok 66 - an unrecognised fit is an error, not a Human
  ---
  duration_ms: 0.387167
  type: 'test'
  ...
# Subtest: an item with no fit for a race is refused, never given the Human one
ok 67 - an item with no fit for a race is refused, never given the Human one
  ---
  duration_ms: 0.132375
  type: 'test'
  ...
# Subtest: a manifest entry carrying another race fit is rejected for that race
ok 68 - a manifest entry carrying another race fit is rejected for that race
  ---
  duration_ms: 0.266125
  type: 'test'
  ...
# Subtest: every catalogue item declares a real Undead fit
ok 69 - every catalogue item declares a real Undead fit
  ---
  duration_ms: 0.284125
  type: 'test'
  ...
# Subtest: Undead uses the authored grip until a correction is measured
ok 70 - Undead uses the authored grip until a correction is measured
  ---
  duration_ms: 0.08925
  type: 'test'
  ...
# Subtest: the provisional Undead pack boots and its garments clear every fit guard
ok 71 - the provisional Undead pack boots and its garments clear every fit guard
  ---
  duration_ms: 25.513042
  type: 'test'
  ...
# Subtest: an Undead pack pointed at the Human directory is refused outright
ok 72 - an Undead pack pointed at the Human directory is refused outright
  ---
  duration_ms: 1.380542
  type: 'test'
  ...
# Subtest: a pack whose declared race and fit disagree is refused
ok 73 - a pack whose declared race and fit disagree is refused
  ---
  duration_ms: 1.140667
  type: 'test'
  ...
# Subtest: a Human-fit garment inside the Undead manifest fails loudly and changes nothing
ok 74 - a Human-fit garment inside the Undead manifest fails loudly and changes nothing
  ---
  duration_ms: 0.806333
  type: 'test'
  ...
# Subtest: a garment the Undead pack does not carry is refused by name
ok 75 - a garment the Undead pack does not carry is refused by name
  ---
  duration_ms: 2.822291
  type: 'test'
  ...
# Subtest: a deleted or corrupted Undead asset fails loudly and preserves the loadout
ok 76 - a deleted or corrupted Undead asset fails loudly and preserves the loadout
  ---
  duration_ms: 3.500458
  type: 'test'
  ...
# Subtest: an Undead body missing a coverage region names the region
ok 77 - an Undead body missing a coverage region names the region
  ---
  duration_ms: 0.836709
  type: 'test'
  ...
# Subtest: a missing Undead manifest is named, not silently replaced
ok 78 - a missing Undead manifest is named, not silently replaced
  ---
  duration_ms: 0.321708
  type: 'test'
  ...
# Subtest: an invented race is stopped before it can inherit any Human mapping
ok 79 - an invented race is stopped before it can inherit any Human mapping
  ---
  duration_ms: 0.133209
  type: 'test'
  ...
# Subtest: every declared race boots through the same path with its own visibility mapping
ok 80 - every declared race boots through the same path with its own visibility mapping
  ---
  duration_ms: 3.166208
  type: 'test'
  ...
# Subtest: the provisional pack declares the Undead fit and never a Human one
ok 81 - the provisional pack declares the Undead fit and never a Human one
  ---
  duration_ms: 1.34025
  type: 'test'
  ...
# Subtest: provisional pack bytes, hashes and bind match what the manifest claims
ok 82 - provisional pack bytes, hashes and bind match what the manifest claims
  ---
  duration_ms: 184.108958
  type: 'test'
  ...
# Subtest: active Undead garments carry the actor rest pose and inverse bind
ok 83 - active Undead garments carry the actor rest pose and inverse bind
  ---
  duration_ms: 113.374
  type: 'test'
  ...
# Subtest: the provisional Undead body carries no hair geoset
ok 84 - the provisional Undead body carries no hair geoset
  ---
  duration_ms: 34.848125
  type: 'test'
  ...
# Subtest: the shipped Human and Orc packs still declare their own fit
ok 85 - the shipped Human and Orc packs still declare their own fit
  ---
  duration_ms: 0.824083
  type: 'test'
  ...
# Subtest: independent factory gate accepts the written source-compatible plate
ok 86 - independent factory gate accepts the written source-compatible plate
  ---
  duration_ms: 139.214125
  type: 'test'
  ...
# Subtest: gate rejects a changed joint pose even with unchanged inverse binds
ok 87 - gate rejects a changed joint pose even with unchanged inverse binds
  ---
  duration_ms: 74.326125
  type: 'test'
  ...
# Subtest: gate rejects a 100x geometry explosion independent of the skin palette
ok 88 - gate rejects a 100x geometry explosion independent of the skin palette
  ---
  duration_ms: 73.441958
  type: 'test'
  ...
# Subtest: gate rejects normalized two-bone weights on a declared rigid plate
ok 89 - gate rejects normalized two-bone weights on a declared rigid plate
  ---
  duration_ms: 65.5815
  type: 'test'
  ...
# Subtest: gate rejects wrong inverse bind and absent explicit deformation
ok 90 - gate rejects wrong inverse bind and absent explicit deformation
  ---
  duration_ms: 89.870625
  type: 'test'
  ...
# Subtest: mixed startup geometry preserves any actual rigid primitive without treating metal as rigidity
ok 91 - mixed startup geometry preserves any actual rigid primitive without treating metal as rigidity
  ---
  duration_ms: 35.340584
  type: 'test'
  ...
# Subtest: native stability anchors retain reviewed rows and reject source/weight changes
ok 92 - native stability anchors retain reviewed rows and reject source/weight changes
  ---
  duration_ms: 2.787875
  type: 'test'
  ...
# Subtest: published plate descriptor declares the actual slot, material/detail revision and every accepted fit
ok 93 - published plate descriptor declares the actual slot, material/detail revision and every accepted fit
  ---
  duration_ms: 0.782459
  type: 'test'
  ...
# Subtest: human independently streamed plate retains its own exact rest bind and rigid articulation
ok 94 - human independently streamed plate retains its own exact rest bind and rigid articulation
  ---
  duration_ms: 150.794458
  type: 'test'
  ...
# Subtest: orc independently streamed plate retains its own exact rest bind and rigid articulation
ok 95 - orc independently streamed plate retains its own exact rest bind and rigid articulation
  ---
  duration_ms: 140.992333
  type: 'test'
  ...
# Subtest: undead independently streamed plate retains its own exact rest bind and rigid articulation
ok 96 - undead independently streamed plate retains its own exact rest bind and rigid articulation
  ---
  duration_ms: 87.58325
  type: 'test'
  ...
# Subtest: Human shape plate stays a similarity per arm and compact uses full rigid geometry
ok 97 - Human shape plate stays a similarity per arm and compact uses full rigid geometry
  ---
  duration_ms: 5.024833
  type: 'test'
  ...
1..97
# tests 97
# suites 0
# pass 97
# fail 0
# cancelled 0
# skipped 0
# todo 0
# duration_ms 780.487209
